<?xml version="1.0" encoding="utf-8"?><testsuites><testsuite name="pytest" errors="0" failures="0" skipped="0" tests="4" time="7.883" timestamp="2024-09-10T15:16:51.739095" hostname="Gustavo_Laptop"><testcase classname="tests.api.test_api.TestBatchPipeline" name="test_should_failed_unkown_column_1" time="0.045" /><testcase classname="tests.api.test_api.TestBatchPipeline" name="test_should_failed_unkown_column_2" time="0.016" /><testcase classname="tests.api.test_api.TestBatchPipeline" name="test_should_failed_unkown_column_3" time="0.019" /><testcase classname="tests.api.test_api.TestBatchPipeline" name="test_should_get_predict" time="0.077" /></testsuite></testsuites>